exports[`Button snapshots 1`] = `
<button
  className=""
  onClick={[Function]}
  type="button">
  Give Me More
</button>
`;
