exports[`Table snapshots 1`] = `
<div
  className="table">
  <div
    className="table-header">
    <span
      style={
        Object {
          "width": "40%",
        }
      }>
      <button
        className="button-inline"
        onClick={[Function]}
        type="button">
        Title
      </button>
    </span>
    <span
      style={
        Object {
          "width": "10%",
        }
      }>
      <button
        className="button-inline"
        onClick={[Function]}
        type="button">
        Author
      </button>
    </span>
    <span
      style={
        Object {
          "width": "20%",
        }
      }>
      <button
        className="button-inline"
        onClick={[Function]}
        type="button">
        Published
      </button>
    </span>
    <span
      style={
        Object {
          "width": "10%",
        }
      }>
      <button
        className="button-inline"
        onClick={[Function]}
        type="button">
        Comments
      </button>
    </span>
    <span
      style={
        Object {
          "width": "10%",
        }
      }>
      <button
        className="button-inline"
        onClick={[Function]}
        type="button">
        Points
      </button>
    </span>
    <span
      style={
        Object {
          "width": "10%",
        }
      }>
      Archive
    </span>
  </div>
  <div
    className="table-row">
    <span
      style={
        Object {
          "width": "40%",
        }
      }>
      <a
        href={undefined}>
        1
      </a>
    </span>
    <span
      style={
        Object {
          "width": "10%",
        }
      }>
      1
    </span>
    <span
      style={
        Object {
          "width": "20%",
        }
      }>
      Invalid Date
    </span>
    <span
      style={
        Object {
          "width": "10%",
        }
      }>
      1
       Comments
    </span>
    <span
      style={
        Object {
          "width": "10%",
        }
      }>
      2
       Points
    </span>
    <span
      style={
        Object {
          "width": "10%",
        }
      }>
      <button
        className="button-inline"
        onClick={[Function]}
        type="button">
        Dismiss
      </button>
    </span>
  </div>
  <div
    className="table-row">
    <span
      style={
        Object {
          "width": "40%",
        }
      }>
      <a
        href={undefined}>
        2
      </a>
    </span>
    <span
      style={
        Object {
          "width": "10%",
        }
      }>
      2
    </span>
    <span
      style={
        Object {
          "width": "20%",
        }
      }>
      Invalid Date
    </span>
    <span
      style={
        Object {
          "width": "10%",
        }
      }>
      1
       Comments
    </span>
    <span
      style={
        Object {
          "width": "10%",
        }
      }>
      2
       Points
    </span>
    <span
      style={
        Object {
          "width": "10%",
        }
      }>
      <button
        className="button-inline"
        onClick={[Function]}
        type="button">
        Dismiss
      </button>
    </span>
  </div>
</div>
`;
