exports[`App snapshots 1`] = `
<div
  className="page">
  <div
    className="interactions">
    <form
      onSubmit={[Function]}>
      <input
        onChange={[Function]}
        type="text"
        value="redux" />
      <button
        type="submit">
        search
      </button>
    </form>
  </div>
  <div
    className="table">
    <div
      className="table-header">
      <span
        style={
          Object {
            "width": "40%",
          }
        }>
        <button
          className="button-inline"
          onClick={[Function]}
          type="button">
          Title
        </button>
      </span>
      <span
        style={
          Object {
            "width": "10%",
          }
        }>
        <button
          className="button-inline"
          onClick={[Function]}
          type="button">
          Author
        </button>
      </span>
      <span
        style={
          Object {
            "width": "20%",
          }
        }>
        <button
          className="button-inline"
          onClick={[Function]}
          type="button">
          Published
        </button>
      </span>
      <span
        style={
          Object {
            "width": "10%",
          }
        }>
        <button
          className="button-inline"
          onClick={[Function]}
          type="button">
          Comments
        </button>
      </span>
      <span
        style={
          Object {
            "width": "10%",
          }
        }>
        <button
          className="button-inline"
          onClick={[Function]}
          type="button">
          Points
        </button>
      </span>
      <span
        style={
          Object {
            "width": "10%",
          }
        }>
        Archive
      </span>
    </div>
  </div>
  <div
    className="interactions">
    <button
      className=""
      onClick={[Function]}
      type="button">
      More
    </button>
  </div>
</div>
`;
